Copyright 1986-2022 Xilinx, Inc. All Rights Reserved. Copyright 2022-2025 Advanced Micro Devices, Inc. All Rights Reserved.
---------------------------------------------------------------------------------------------------------------------------------------------
| Tool Version : Vivado v.2025.2 (win64) Build 6299465 Fri Nov 14 19:35:11 GMT 2025
| Date         : Sun Aug  9 18:34:10 2026
| Host         : LAPTOP-15NTBII9 running 64-bit major release  (build 9200)
| Command      : report_utilization -file design_666_wrapper_utilization_placed.rpt -pb design_666_wrapper_utilization_placed.pb
| Design       : design_666_wrapper
| Device       : xcku040-ffva1156-2-e
| Speed File   : -2
| Design State : Fully Placed
---------------------------------------------------------------------------------------------------------------------------------------------

Utilization Design Information

Table of Contents
-----------------
1. CLB Logic
1.1 Summary of Registers by Type
2. CLB Logic Distribution
3. BLOCKRAM
4. ARITHMETIC
5. I/O
6. CLOCK
7. ADVANCED
8. CONFIGURATION
9. Primitives
10. Black Boxes
11. Instantiated Netlists

1. CLB Logic
------------

+----------------------------+-------+-------+------------+-----------+-------+
|          Site Type         |  Used | Fixed | Prohibited | Available | Util% |
+----------------------------+-------+-------+------------+-----------+-------+
| CLB LUTs                   | 19491 |     0 |          0 |    242400 |  8.04 |
|   LUT as Logic             | 12875 |     0 |          0 |    242400 |  5.31 |
|   LUT as Memory            |  6616 |     0 |          0 |    112800 |  5.87 |
|     LUT as Distributed RAM |  6248 |     0 |            |           |       |
|     LUT as Shift Register  |   368 |     0 |            |           |       |
| CLB Registers              | 18380 |     0 |          0 |    484800 |  3.79 |
|   Register as Flip Flop    | 18380 |     0 |          0 |    484800 |  3.79 |
|   Register as Latch        |     0 |     0 |          0 |    484800 |  0.00 |
| CARRY8                     |   668 |     0 |          0 |     30300 |  2.20 |
| F7 Muxes                   |   593 |     0 |          0 |    121200 |  0.49 |
| F8 Muxes                   |   240 |     0 |          0 |     60600 |  0.40 |
| F9 Muxes                   |     0 |     0 |          0 |     30300 |  0.00 |
| Unique Control Sets        |  1011 |       |          0 |     60600 |  1.67 |
+----------------------------+-------+-------+------------+-----------+-------+
* Warning! LUT value is adjusted to account for LUT combining.
** Note: Available Control Sets calculated as Slices * 2, Review the Control Sets Report for more information regarding control sets.


1.1 Summary of Registers by Type
--------------------------------

+-------+--------------+-------------+--------------+
| Total | Clock Enable | Synchronous | Asynchronous |
+-------+--------------+-------------+--------------+
| 0     |            _ |           - |            - |
| 0     |            _ |           - |          Set |
| 0     |            _ |           - |        Reset |
| 0     |            _ |         Set |            - |
| 0     |            _ |       Reset |            - |
| 0     |          Yes |           - |            - |
| 41    |          Yes |           - |          Set |
| 259   |          Yes |           - |        Reset |
| 71    |          Yes |         Set |            - |
| 18009 |          Yes |       Reset |            - |
+-------+--------------+-------------+--------------+


2. CLB Logic Distribution
-------------------------

+--------------------------------------------+-------+-------+------------+-----------+-------+
|                  Site Type                 |  Used | Fixed | Prohibited | Available | Util% |
+--------------------------------------------+-------+-------+------------+-----------+-------+
| CLB                                        |  4471 |     0 |          0 |     30300 | 14.76 |
|   CLBL                                     |  1604 |     0 |            |           |       |
|   CLBM                                     |  2867 |     0 |            |           |       |
| LUT as Logic                               | 12875 |     0 |          0 |    242400 |  5.31 |
|   using O5 output only                     |   121 |       |            |           |       |
|   using O6 output only                     | 10272 |       |            |           |       |
|   using O5 and O6                          |  2482 |       |            |           |       |
| LUT as Memory                              |  6616 |     0 |          0 |    112800 |  5.87 |
|   LUT as Distributed RAM                   |  6248 |     0 |            |           |       |
|     using O5 output only                   |     0 |       |            |           |       |
|     using O6 output only                   |  1568 |       |            |           |       |
|     using O5 and O6                        |  4680 |       |            |           |       |
|   LUT as Shift Register                    |   368 |     0 |            |           |       |
|     using O5 output only                   |     0 |       |            |           |       |
|     using O6 output only                   |   368 |       |            |           |       |
|     using O5 and O6                        |     0 |       |            |           |       |
| CLB Registers                              | 18380 |     0 |          0 |    484800 |  3.79 |
|   Register driven from within the CLB      | 15337 |       |            |           |       |
|   Register driven from outside the CLB     |  3043 |       |            |           |       |
|     LUT in front of the register is unused |  2422 |       |            |           |       |
|     LUT in front of the register is used   |   621 |       |            |           |       |
+--------------------------------------------+-------+-------+------------+-----------+-------+


3. BLOCKRAM
-----------

+-------------------+------+-------+------------+-----------+-------+
|     Site Type     | Used | Fixed | Prohibited | Available | Util% |
+-------------------+------+-------+------------+-----------+-------+
| Block RAM Tile    | 43.5 |     0 |          0 |       600 |  7.25 |
|   RAMB36/FIFO*    |   11 |     0 |          0 |       600 |  1.83 |
|     RAMB36E2 only |   11 |       |            |           |       |
|   RAMB18          |   65 |     0 |          0 |      1200 |  5.42 |
|     RAMB18E2 only |   65 |       |            |           |       |
+-------------------+------+-------+------------+-----------+-------+
* Note: Each Block RAM Tile only has one FIFO logic available and therefore can accommodate only one FIFO36E2 or one FIFO18E2. However, if a FIFO18E2 occupies a Block RAM Tile, that tile can still accommodate a RAMB18E2


4. ARITHMETIC
-------------

+----------------+------+-------+------------+-----------+-------+
|    Site Type   | Used | Fixed | Prohibited | Available | Util% |
+----------------+------+-------+------------+-----------+-------+
| DSPs           |  147 |     0 |          0 |      1920 |  7.66 |
|   DSP48E2 only |  147 |       |            |           |       |
+----------------+------+-------+------------+-----------+-------+


5. I/O
------

+------------------+------+-------+------------+-----------+-------+
|     Site Type    | Used | Fixed | Prohibited | Available | Util% |
+------------------+------+-------+------------+-----------+-------+
| Bonded IOB       |    2 |     2 |          0 |       520 |  0.38 |
|   HPIOB          |    2 |     2 |          0 |       416 |  0.48 |
|     INPUT        |    2 |       |            |           |       |
|     OUTPUT       |    0 |       |            |           |       |
|     BIDIR        |    0 |       |            |           |       |
|   HRIO           |    0 |     0 |          0 |       104 |  0.00 |
| HPIOBDIFFINBUF   |    1 |     1 |          0 |       192 |  0.52 |
|   DIFFINBUF      |    1 |     1 |            |           |       |
| HPIOBDIFFOUTBUF  |    0 |     0 |          0 |       192 |  0.00 |
| HRIODIFFINBUF    |    0 |     0 |          0 |        48 |  0.00 |
| HRIODIFFOUTBUF   |    0 |     0 |          0 |        48 |  0.00 |
| BITSLICE_CONTROL |    0 |     0 |          0 |        80 |  0.00 |
| BITSLICE_RX_TX   |    0 |     0 |          0 |      3120 |  0.00 |
| BITSLICE_TX      |    0 |     0 |          0 |        80 |  0.00 |
| RIU_OR           |    0 |     0 |          0 |        40 |  0.00 |
+------------------+------+-------+------------+-----------+-------+


6. CLOCK
--------

+------------+------+-------+------------+-----------+-------+
|  Site Type | Used | Fixed | Prohibited | Available | Util% |
+------------+------+-------+------------+-----------+-------+
| BUFGCE     |    5 |     0 |          0 |       240 |  2.08 |
| BUFGCE_DIV |    0 |     0 |          0 |        40 |  0.00 |
| BUFG_GT    |    0 |     0 |          0 |       120 |  0.00 |
| BUFGCTRL*  |    0 |     0 |          0 |        80 |  0.00 |
| PLLE3_ADV  |    0 |     0 |          0 |        20 |  0.00 |
| MMCME3_ADV |    1 |     0 |          0 |        10 | 10.00 |
+------------+------+-------+------------+-----------+-------+
* Note: Each used BUFGCTRL counts as two GLOBAL CLOCK BUFFERs. This table does not include global clocking resources, only buffer cell usage. See the Clock Utilization Report (report_clock_utilization) for detailed accounting of global clocking resource availability.


7. ADVANCED
-----------

+-----------------+------+-------+------------+-----------+-------+
|    Site Type    | Used | Fixed | Prohibited | Available | Util% |
+-----------------+------+-------+------------+-----------+-------+
| GTHE3_CHANNEL   |    0 |     0 |          0 |        20 |  0.00 |
| GTHE3_COMMON    |    0 |     0 |          0 |         5 |  0.00 |
| IBUFDS_GTE3     |    0 |     0 |          0 |        10 |  0.00 |
| OBUFDS_GTE3     |    0 |     0 |          0 |        10 |  0.00 |
| OBUFDS_GTE3_ADV |    0 |     0 |          0 |        10 |  0.00 |
| PCIE_3_1        |    0 |     0 |          0 |         3 |  0.00 |
| SYSMONE1        |    0 |     0 |          0 |         1 |  0.00 |
+-----------------+------+-------+------------+-----------+-------+


8. CONFIGURATION
----------------

+-------------+------+-------+------------+-----------+-------+
|  Site Type  | Used | Fixed | Prohibited | Available | Util% |
+-------------+------+-------+------------+-----------+-------+
| BSCANE2     |    1 |     0 |          0 |         4 | 25.00 |
| DNA_PORTE2  |    0 |     0 |          0 |         1 |  0.00 |
| EFUSE_USR   |    0 |     0 |          0 |         1 |  0.00 |
| FRAME_ECCE3 |    0 |     0 |          0 |         1 |  0.00 |
| ICAPE3      |    0 |     0 |          0 |         2 |  0.00 |
| MASTER_JTAG |    0 |     0 |          0 |         1 |  0.00 |
| STARTUPE3   |    0 |     0 |          0 |         1 |  0.00 |
+-------------+------+-------+------------+-----------+-------+


9. Primitives
-------------

+------------+-------+---------------------+
|  Ref Name  |  Used | Functional Category |
+------------+-------+---------------------+
| FDRE       | 18009 |            Register |
| RAMS32     | 10570 |                 CLB |
| LUT6       |  4347 |                 CLB |
| LUT5       |  3136 |                 CLB |
| LUT3       |  2891 |                 CLB |
| LUT1       |  1922 |                 CLB |
| LUT2       |  1788 |                 CLB |
| LUT4       |  1273 |                 CLB |
| CARRY8     |   668 |                 CLB |
| MUXF7      |   593 |                 CLB |
| SRL16E     |   368 |                 CLB |
| FDCE       |   259 |            Register |
| MUXF8      |   240 |                 CLB |
| RAMD64E    |   160 |                 CLB |
| DSP48E2    |   147 |          Arithmetic |
| RAMS64E    |   128 |                 CLB |
| FDSE       |    71 |            Register |
| RAMD32     |    70 |                 CLB |
| RAMB18E2   |    65 |            BLOCKRAM |
| FDPE       |    41 |            Register |
| RAMB36E2   |    11 |            BLOCKRAM |
| BUFGCE     |     5 |               Clock |
| MMCME3_ADV |     1 |               Clock |
| IBUFCTRL   |     1 |              Others |
| DIFFINBUF  |     1 |                 I/O |
| BSCANE2    |     1 |       Configuration |
+------------+-------+---------------------+


10. Black Boxes
---------------

+----------+------+
| Ref Name | Used |
+----------+------+


11. Instantiated Netlists
-------------------------

+-------------------------------+------+
|            Ref Name           | Used |
+-------------------------------+------+
| design_666_smartconnect_0_0   |    1 |
| design_666_proc_sys_reset_0_0 |    1 |
| design_666_lob_inference_0_0  |    1 |
| design_666_jtag_axi_0_0       |    1 |
| design_666_clk_wiz_0_0        |    1 |
| design_666_axi_timer_0_0      |    1 |
| dbg_hub                       |    1 |
+-------------------------------+------+


