Copyright 1986-2022 Xilinx, Inc. All Rights Reserved. Copyright 2022-2025 Advanced Micro Devices, Inc. All Rights Reserved.
---------------------------------------------------------------------------------------------------------------------------------------------
| Tool Version : Vivado v.2025.2 (win64) Build 6299465 Fri Nov 14 19:35:11 GMT 2025
| Date         : Tue Aug  4 16:36:04 2026
| Host         : LAPTOP-15NTBII9 running 64-bit major release  (build 9200)
| Command      : report_utilization -file design_666_wrapper_utilization_placed.rpt -pb design_666_wrapper_utilization_placed.pb
| Design       : design_666_wrapper
| Device       : xcku040-ffva1156-2-e
| Speed File   : -2
| Design State : Fully Placed
---------------------------------------------------------------------------------------------------------------------------------------------

Utilization Design Information

Table of Contents
-----------------
1. CLB Logic
1.1 Summary of Registers by Type
2. CLB Logic Distribution
3. BLOCKRAM
4. ARITHMETIC
5. I/O
6. CLOCK
7. ADVANCED
8. CONFIGURATION
9. Primitives
10. Black Boxes
11. Instantiated Netlists

1. CLB Logic
------------

+----------------------------+--------+-------+------------+-----------+-------+
|          Site Type         |  Used  | Fixed | Prohibited | Available | Util% |
+----------------------------+--------+-------+------------+-----------+-------+
| CLB LUTs                   |  91233 |     0 |          0 |    242400 | 37.64 |
|   LUT as Logic             |  90921 |     0 |          0 |    242400 | 37.51 |
|   LUT as Memory            |    312 |     0 |          0 |    112800 |  0.28 |
|     LUT as Distributed RAM |    200 |     0 |            |           |       |
|     LUT as Shift Register  |    112 |     0 |            |           |       |
| CLB Registers              | 107577 |     0 |          0 |    484800 | 22.19 |
|   Register as Flip Flop    | 107577 |     0 |          0 |    484800 | 22.19 |
|   Register as Latch        |      0 |     0 |          0 |    484800 |  0.00 |
| CARRY8                     |   1640 |     0 |          0 |     30300 |  5.41 |
| F7 Muxes                   |   3529 |     0 |          0 |    121200 |  2.91 |
| F8 Muxes                   |    912 |     0 |          0 |     60600 |  1.50 |
| F9 Muxes                   |      0 |     0 |          0 |     30300 |  0.00 |
| Unique Control Sets        |  11207 |       |          0 |     60600 | 18.49 |
+----------------------------+--------+-------+------------+-----------+-------+
* Warning! LUT value is adjusted to account for LUT combining.
** Note: Available Control Sets calculated as Slices * 2, Review the Control Sets Report for more information regarding control sets.


1.1 Summary of Registers by Type
--------------------------------

+--------+--------------+-------------+--------------+
|  Total | Clock Enable | Synchronous | Asynchronous |
+--------+--------------+-------------+--------------+
| 0      |            _ |           - |            - |
| 0      |            _ |           - |          Set |
| 0      |            _ |           - |        Reset |
| 0      |            _ |         Set |            - |
| 0      |            _ |       Reset |            - |
| 0      |          Yes |           - |            - |
| 41     |          Yes |           - |          Set |
| 259    |          Yes |           - |        Reset |
| 132    |          Yes |         Set |            - |
| 107145 |          Yes |       Reset |            - |
+--------+--------------+-------------+--------------+


2. CLB Logic Distribution
-------------------------

+--------------------------------------------+--------+-------+------------+-----------+-------+
|                  Site Type                 |  Used  | Fixed | Prohibited | Available | Util% |
+--------------------------------------------+--------+-------+------------+-----------+-------+
| CLB                                        |  20378 |     0 |          0 |     30300 | 67.25 |
|   CLBL                                     |  10536 |     0 |            |           |       |
|   CLBM                                     |   9842 |     0 |            |           |       |
| LUT as Logic                               |  90921 |     0 |          0 |    242400 | 37.51 |
|   using O5 output only                     |    450 |       |            |           |       |
|   using O6 output only                     |  80424 |       |            |           |       |
|   using O5 and O6                          |  10047 |       |            |           |       |
| LUT as Memory                              |    312 |     0 |          0 |    112800 |  0.28 |
|   LUT as Distributed RAM                   |    200 |     0 |            |           |       |
|     using O5 output only                   |      0 |       |            |           |       |
|     using O6 output only                   |    160 |       |            |           |       |
|     using O5 and O6                        |     40 |       |            |           |       |
|   LUT as Shift Register                    |    112 |     0 |            |           |       |
|     using O5 output only                   |      0 |       |            |           |       |
|     using O6 output only                   |    112 |       |            |           |       |
|     using O5 and O6                        |      0 |       |            |           |       |
| CLB Registers                              | 107577 |     0 |          0 |    484800 | 22.19 |
|   Register driven from within the CLB      |  23588 |       |            |           |       |
|   Register driven from outside the CLB     |  83989 |       |            |           |       |
|     LUT in front of the register is unused |  33765 |       |            |           |       |
|     LUT in front of the register is used   |  50224 |       |            |           |       |
+--------------------------------------------+--------+-------+------------+-----------+-------+


3. BLOCKRAM
-----------

+-------------------+------+-------+------------+-----------+-------+
|     Site Type     | Used | Fixed | Prohibited | Available | Util% |
+-------------------+------+-------+------------+-----------+-------+
| Block RAM Tile    |  3.5 |     0 |          0 |       600 |  0.58 |
|   RAMB36/FIFO*    |    3 |     0 |          0 |       600 |  0.50 |
|     RAMB36E2 only |    3 |       |            |           |       |
|   RAMB18          |    1 |     0 |          0 |      1200 |  0.08 |
|     RAMB18E2 only |    1 |       |            |           |       |
+-------------------+------+-------+------------+-----------+-------+
* Note: Each Block RAM Tile only has one FIFO logic available and therefore can accommodate only one FIFO36E2 or one FIFO18E2. However, if a FIFO18E2 occupies a Block RAM Tile, that tile can still accommodate a RAMB18E2


4. ARITHMETIC
-------------

+----------------+------+-------+------------+-----------+-------+
|    Site Type   | Used | Fixed | Prohibited | Available | Util% |
+----------------+------+-------+------------+-----------+-------+
| DSPs           | 1076 |     0 |          0 |      1920 | 56.04 |
|   DSP48E2 only | 1076 |       |            |           |       |
+----------------+------+-------+------------+-----------+-------+


5. I/O
------

+------------------+------+-------+------------+-----------+-------+
|     Site Type    | Used | Fixed | Prohibited | Available | Util% |
+------------------+------+-------+------------+-----------+-------+
| Bonded IOB       |    2 |     2 |          0 |       520 |  0.38 |
|   HPIOB          |    2 |     2 |          0 |       416 |  0.48 |
|     INPUT        |    2 |       |            |           |       |
|     OUTPUT       |    0 |       |            |           |       |
|     BIDIR        |    0 |       |            |           |       |
|   HRIO           |    0 |     0 |          0 |       104 |  0.00 |
| HPIOBDIFFINBUF   |    1 |     1 |          0 |       192 |  0.52 |
|   DIFFINBUF      |    1 |     1 |            |           |       |
| HPIOBDIFFOUTBUF  |    0 |     0 |          0 |       192 |  0.00 |
| HRIODIFFINBUF    |    0 |     0 |          0 |        48 |  0.00 |
| HRIODIFFOUTBUF   |    0 |     0 |          0 |        48 |  0.00 |
| BITSLICE_CONTROL |    0 |     0 |          0 |        80 |  0.00 |
| BITSLICE_RX_TX   |    0 |     0 |          0 |      3120 |  0.00 |
| BITSLICE_TX      |    0 |     0 |          0 |        80 |  0.00 |
| RIU_OR           |    0 |     0 |          0 |        40 |  0.00 |
+------------------+------+-------+------------+-----------+-------+


6. CLOCK
--------

+------------+------+-------+------------+-----------+-------+
|  Site Type | Used | Fixed | Prohibited | Available | Util% |
+------------+------+-------+------------+-----------+-------+
| BUFGCE     |    4 |     0 |          0 |       240 |  1.67 |
| BUFGCE_DIV |    0 |     0 |          0 |        40 |  0.00 |
| BUFG_GT    |    0 |     0 |          0 |       120 |  0.00 |
| BUFGCTRL*  |    0 |     0 |          0 |        80 |  0.00 |
| PLLE3_ADV  |    0 |     0 |          0 |        20 |  0.00 |
| MMCME3_ADV |    1 |     0 |          0 |        10 | 10.00 |
+------------+------+-------+------------+-----------+-------+
* Note: Each used BUFGCTRL counts as two GLOBAL CLOCK BUFFERs. This table does not include global clocking resources, only buffer cell usage. See the Clock Utilization Report (report_clock_utilization) for detailed accounting of global clocking resource availability.


7. ADVANCED
-----------

+-----------------+------+-------+------------+-----------+-------+
|    Site Type    | Used | Fixed | Prohibited | Available | Util% |
+-----------------+------+-------+------------+-----------+-------+
| GTHE3_CHANNEL   |    0 |     0 |          0 |        20 |  0.00 |
| GTHE3_COMMON    |    0 |     0 |          0 |         5 |  0.00 |
| IBUFDS_GTE3     |    0 |     0 |          0 |        10 |  0.00 |
| OBUFDS_GTE3     |    0 |     0 |          0 |        10 |  0.00 |
| OBUFDS_GTE3_ADV |    0 |     0 |          0 |        10 |  0.00 |
| PCIE_3_1        |    0 |     0 |          0 |         3 |  0.00 |
| SYSMONE1        |    0 |     0 |          0 |         1 |  0.00 |
+-----------------+------+-------+------------+-----------+-------+


8. CONFIGURATION
----------------

+-------------+------+-------+------------+-----------+-------+
|  Site Type  | Used | Fixed | Prohibited | Available | Util% |
+-------------+------+-------+------------+-----------+-------+
| BSCANE2     |    1 |     0 |          0 |         4 | 25.00 |
| DNA_PORTE2  |    0 |     0 |          0 |         1 |  0.00 |
| EFUSE_USR   |    0 |     0 |          0 |         1 |  0.00 |
| FRAME_ECCE3 |    0 |     0 |          0 |         1 |  0.00 |
| ICAPE3      |    0 |     0 |          0 |         2 |  0.00 |
| MASTER_JTAG |    0 |     0 |          0 |         1 |  0.00 |
| STARTUPE3   |    0 |     0 |          0 |         1 |  0.00 |
+-------------+------+-------+------------+-----------+-------+


9. Primitives
-------------

+------------+--------+---------------------+
|  Ref Name  |  Used  | Functional Category |
+------------+--------+---------------------+
| FDRE       | 107145 |            Register |
| LUT6       |  54563 |                 CLB |
| LUT5       |  19167 |                 CLB |
| LUT2       |  12105 |                 CLB |
| LUT4       |   7473 |                 CLB |
| LUT3       |   6925 |                 CLB |
| MUXF7      |   3529 |                 CLB |
| CARRY8     |   1640 |                 CLB |
| DSP48E2    |   1076 |          Arithmetic |
| MUXF8      |    912 |                 CLB |
| LUT1       |    735 |                 CLB |
| FDCE       |    259 |            Register |
| RAMD64E    |    160 |                 CLB |
| FDSE       |    132 |            Register |
| SRL16E     |    112 |                 CLB |
| RAMD32     |     70 |                 CLB |
| FDPE       |     41 |            Register |
| RAMS32     |     10 |                 CLB |
| BUFGCE     |      4 |               Clock |
| RAMB36E2   |      3 |            BLOCKRAM |
| RAMB18E2   |      1 |            BLOCKRAM |
| MMCME3_ADV |      1 |               Clock |
| IBUFCTRL   |      1 |              Others |
| DIFFINBUF  |      1 |                 I/O |
| BSCANE2    |      1 |       Configuration |
+------------+--------+---------------------+


10. Black Boxes
---------------

+----------+------+
| Ref Name | Used |
+----------+------+


11. Instantiated Netlists
-------------------------

+-------------------------------+------+
|            Ref Name           | Used |
+-------------------------------+------+
| design_666_smartconnect_0_0   |    1 |
| design_666_proc_sys_reset_0_0 |    1 |
| design_666_lob_inference_0_0  |    1 |
| design_666_jtag_axi_0_0       |    1 |
| design_666_clk_wiz_0_0        |    1 |
| design_666_axi_timer_0_0      |    1 |
| dbg_hub                       |    1 |
+-------------------------------+------+


