Copyright 1986-2022 Xilinx, Inc. All Rights Reserved. Copyright 2022-2025 Advanced Micro Devices, Inc. All Rights Reserved.
---------------------------------------------------------------------------------------------------------------------------------------------
| Tool Version : Vivado v.2025.2 (win64) Build 6299465 Fri Nov 14 19:35:11 GMT 2025
| Date         : Tue Aug  4 17:58:39 2026
| Host         : LAPTOP-15NTBII9 running 64-bit major release  (build 9200)
| Command      : report_utilization -file design_666_wrapper_utilization_placed.rpt -pb design_666_wrapper_utilization_placed.pb
| Design       : design_666_wrapper
| Device       : xcku040-ffva1156-2-e
| Speed File   : -2
| Design State : Fully Placed
---------------------------------------------------------------------------------------------------------------------------------------------

Utilization Design Information

Table of Contents
-----------------
1. CLB Logic
1.1 Summary of Registers by Type
2. CLB Logic Distribution
3. BLOCKRAM
4. ARITHMETIC
5. I/O
6. CLOCK
7. ADVANCED
8. CONFIGURATION
9. Primitives
10. Black Boxes
11. Instantiated Netlists

1. CLB Logic
------------

+----------------------------+-------+-------+------------+-----------+-------+
|          Site Type         |  Used | Fixed | Prohibited | Available | Util% |
+----------------------------+-------+-------+------------+-----------+-------+
| CLB LUTs                   | 22175 |     0 |          0 |    242400 |  9.15 |
|   LUT as Logic             | 15418 |     0 |          0 |    242400 |  6.36 |
|   LUT as Memory            |  6757 |     0 |          0 |    112800 |  5.99 |
|     LUT as Distributed RAM |  6364 |     0 |            |           |       |
|     LUT as Shift Register  |   393 |     0 |            |           |       |
| CLB Registers              | 21075 |     0 |          0 |    484800 |  4.35 |
|   Register as Flip Flop    | 21075 |     0 |          0 |    484800 |  4.35 |
|   Register as Latch        |     0 |     0 |          0 |    484800 |  0.00 |
| CARRY8                     |   777 |     0 |          0 |     30300 |  2.56 |
| F7 Muxes                   |   704 |     0 |          0 |    121200 |  0.58 |
| F8 Muxes                   |     0 |     0 |          0 |     60600 |  0.00 |
| F9 Muxes                   |     0 |     0 |          0 |     30300 |  0.00 |
| Unique Control Sets        |  1249 |       |          0 |     60600 |  2.06 |
+----------------------------+-------+-------+------------+-----------+-------+
* Warning! LUT value is adjusted to account for LUT combining.
** Note: Available Control Sets calculated as Slices * 2, Review the Control Sets Report for more information regarding control sets.


1.1 Summary of Registers by Type
--------------------------------

+-------+--------------+-------------+--------------+
| Total | Clock Enable | Synchronous | Asynchronous |
+-------+--------------+-------------+--------------+
| 0     |            _ |           - |            - |
| 0     |            _ |           - |          Set |
| 0     |            _ |           - |        Reset |
| 0     |            _ |         Set |            - |
| 0     |            _ |       Reset |            - |
| 0     |          Yes |           - |            - |
| 41    |          Yes |           - |          Set |
| 259   |          Yes |           - |        Reset |
| 77    |          Yes |         Set |            - |
| 20698 |          Yes |       Reset |            - |
+-------+--------------+-------------+--------------+


2. CLB Logic Distribution
-------------------------

+--------------------------------------------+-------+-------+------------+-----------+-------+
|                  Site Type                 |  Used | Fixed | Prohibited | Available | Util% |
+--------------------------------------------+-------+-------+------------+-----------+-------+
| CLB                                        |  4246 |     0 |          0 |     30300 | 14.01 |
|   CLBL                                     |  1916 |     0 |            |           |       |
|   CLBM                                     |  2330 |     0 |            |           |       |
| LUT as Logic                               | 15418 |     0 |          0 |    242400 |  6.36 |
|   using O5 output only                     |   141 |       |            |           |       |
|   using O6 output only                     | 12186 |       |            |           |       |
|   using O5 and O6                          |  3091 |       |            |           |       |
| LUT as Memory                              |  6757 |     0 |          0 |    112800 |  5.99 |
|   LUT as Distributed RAM                   |  6364 |     0 |            |           |       |
|     using O5 output only                   |     0 |       |            |           |       |
|     using O6 output only                   |   288 |       |            |           |       |
|     using O5 and O6                        |  6076 |       |            |           |       |
|   LUT as Shift Register                    |   393 |     0 |            |           |       |
|     using O5 output only                   |     0 |       |            |           |       |
|     using O6 output only                   |   393 |       |            |           |       |
|     using O5 and O6                        |     0 |       |            |           |       |
| CLB Registers                              | 21075 |     0 |          0 |    484800 |  4.35 |
|   Register driven from within the CLB      | 17496 |       |            |           |       |
|   Register driven from outside the CLB     |  3579 |       |            |           |       |
|     LUT in front of the register is unused |  2817 |       |            |           |       |
|     LUT in front of the register is used   |   762 |       |            |           |       |
+--------------------------------------------+-------+-------+------------+-----------+-------+


3. BLOCKRAM
-----------

+-------------------+------+-------+------------+-----------+-------+
|     Site Type     | Used | Fixed | Prohibited | Available | Util% |
+-------------------+------+-------+------------+-----------+-------+
| Block RAM Tile    | 60.5 |     0 |          0 |       600 | 10.08 |
|   RAMB36/FIFO*    |   36 |     0 |          0 |       600 |  6.00 |
|     RAMB36E2 only |   36 |       |            |           |       |
|   RAMB18          |   49 |     0 |          0 |      1200 |  4.08 |
|     RAMB18E2 only |   49 |       |            |           |       |
+-------------------+------+-------+------------+-----------+-------+
* Note: Each Block RAM Tile only has one FIFO logic available and therefore can accommodate only one FIFO36E2 or one FIFO18E2. However, if a FIFO18E2 occupies a Block RAM Tile, that tile can still accommodate a RAMB18E2


4. ARITHMETIC
-------------

+----------------+------+-------+------------+-----------+-------+
|    Site Type   | Used | Fixed | Prohibited | Available | Util% |
+----------------+------+-------+------------+-----------+-------+
| DSPs           |  166 |     0 |          0 |      1920 |  8.65 |
|   DSP48E2 only |  166 |       |            |           |       |
+----------------+------+-------+------------+-----------+-------+


5. I/O
------

+------------------+------+-------+------------+-----------+-------+
|     Site Type    | Used | Fixed | Prohibited | Available | Util% |
+------------------+------+-------+------------+-----------+-------+
| Bonded IOB       |    2 |     2 |          0 |       520 |  0.38 |
|   HPIOB          |    2 |     2 |          0 |       416 |  0.48 |
|     INPUT        |    2 |       |            |           |       |
|     OUTPUT       |    0 |       |            |           |       |
|     BIDIR        |    0 |       |            |           |       |
|   HRIO           |    0 |     0 |          0 |       104 |  0.00 |
| HPIOBDIFFINBUF   |    1 |     1 |          0 |       192 |  0.52 |
|   DIFFINBUF      |    1 |     1 |            |           |       |
| HPIOBDIFFOUTBUF  |    0 |     0 |          0 |       192 |  0.00 |
| HRIODIFFINBUF    |    0 |     0 |          0 |        48 |  0.00 |
| HRIODIFFOUTBUF   |    0 |     0 |          0 |        48 |  0.00 |
| BITSLICE_CONTROL |    0 |     0 |          0 |        80 |  0.00 |
| BITSLICE_RX_TX   |    0 |     0 |          0 |      3120 |  0.00 |
| BITSLICE_TX      |    0 |     0 |          0 |        80 |  0.00 |
| RIU_OR           |    0 |     0 |          0 |        40 |  0.00 |
+------------------+------+-------+------------+-----------+-------+


6. CLOCK
--------

+------------+------+-------+------------+-----------+-------+
|  Site Type | Used | Fixed | Prohibited | Available | Util% |
+------------+------+-------+------------+-----------+-------+
| BUFGCE     |    3 |     0 |          0 |       240 |  1.25 |
| BUFGCE_DIV |    0 |     0 |          0 |        40 |  0.00 |
| BUFG_GT    |    0 |     0 |          0 |       120 |  0.00 |
| BUFGCTRL*  |    0 |     0 |          0 |        80 |  0.00 |
| PLLE3_ADV  |    0 |     0 |          0 |        20 |  0.00 |
| MMCME3_ADV |    1 |     0 |          0 |        10 | 10.00 |
+------------+------+-------+------------+-----------+-------+
* Note: Each used BUFGCTRL counts as two GLOBAL CLOCK BUFFERs. This table does not include global clocking resources, only buffer cell usage. See the Clock Utilization Report (report_clock_utilization) for detailed accounting of global clocking resource availability.


7. ADVANCED
-----------

+-----------------+------+-------+------------+-----------+-------+
|    Site Type    | Used | Fixed | Prohibited | Available | Util% |
+-----------------+------+-------+------------+-----------+-------+
| GTHE3_CHANNEL   |    0 |     0 |          0 |        20 |  0.00 |
| GTHE3_COMMON    |    0 |     0 |          0 |         5 |  0.00 |
| IBUFDS_GTE3     |    0 |     0 |          0 |        10 |  0.00 |
| OBUFDS_GTE3     |    0 |     0 |          0 |        10 |  0.00 |
| OBUFDS_GTE3_ADV |    0 |     0 |          0 |        10 |  0.00 |
| PCIE_3_1        |    0 |     0 |          0 |         3 |  0.00 |
| SYSMONE1        |    0 |     0 |          0 |         1 |  0.00 |
+-----------------+------+-------+------------+-----------+-------+


8. CONFIGURATION
----------------

+-------------+------+-------+------------+-----------+-------+
|  Site Type  | Used | Fixed | Prohibited | Available | Util% |
+-------------+------+-------+------------+-----------+-------+
| BSCANE2     |    1 |     0 |          0 |         4 | 25.00 |
| DNA_PORTE2  |    0 |     0 |          0 |         1 |  0.00 |
| EFUSE_USR   |    0 |     0 |          0 |         1 |  0.00 |
| FRAME_ECCE3 |    0 |     0 |          0 |         1 |  0.00 |
| ICAPE3      |    0 |     0 |          0 |         2 |  0.00 |
| MASTER_JTAG |    0 |     0 |          0 |         1 |  0.00 |
| STARTUPE3   |    0 |     0 |          0 |         1 |  0.00 |
+-------------+------+-------+------------+-----------+-------+


9. Primitives
-------------

+------------+-------+---------------------+
|  Ref Name  |  Used | Functional Category |
+------------+-------+---------------------+
| FDRE       | 20698 |            Register |
| RAMS32     | 12048 |                 CLB |
| LUT6       |  5443 |                 CLB |
| LUT5       |  3810 |                 CLB |
| LUT3       |  3488 |                 CLB |
| LUT1       |  2267 |                 CLB |
| LUT2       |  2017 |                 CLB |
| LUT4       |  1484 |                 CLB |
| CARRY8     |   777 |                 CLB |
| MUXF7      |   704 |                 CLB |
| SRL16E     |   393 |                 CLB |
| FDCE       |   259 |            Register |
| DSP48E2    |   166 |          Arithmetic |
| RAMD64E    |   160 |                 CLB |
| RAMS64E    |   128 |                 CLB |
| RAMD32     |   104 |                 CLB |
| FDSE       |    77 |            Register |
| RAMB18E2   |    49 |            BLOCKRAM |
| FDPE       |    41 |            Register |
| RAMB36E2   |    36 |            BLOCKRAM |
| BUFGCE     |     3 |               Clock |
| MMCME3_ADV |     1 |               Clock |
| IBUFCTRL   |     1 |              Others |
| DIFFINBUF  |     1 |                 I/O |
| BSCANE2    |     1 |       Configuration |
+------------+-------+---------------------+


10. Black Boxes
---------------

+----------+------+
| Ref Name | Used |
+----------+------+


11. Instantiated Netlists
-------------------------

+-------------------------------+------+
|            Ref Name           | Used |
+-------------------------------+------+
| design_666_smartconnect_0_0   |    1 |
| design_666_proc_sys_reset_0_0 |    1 |
| design_666_lob_inference_0_0  |    1 |
| design_666_jtag_axi_0_0       |    1 |
| design_666_clk_wiz_0_0        |    1 |
| design_666_axi_timer_0_0      |    1 |
| dbg_hub                       |    1 |
+-------------------------------+------+


