Copyright 1986-2022 Xilinx, Inc. All Rights Reserved. Copyright 2022-2025 Advanced Micro Devices, Inc. All Rights Reserved.
----------------------------------------------------------------------------------------------------------------------------------------------------------------------------
| Tool Version     : Vivado v.2025.2 (win64) Build 6299465 Fri Nov 14 19:35:11 GMT 2025
| Date             : Mon Aug  3 16:50:02 2026
| Host             : LAPTOP-15NTBII9 running 64-bit major release  (build 9200)
| Command          : report_power -file design_666_wrapper_power_routed.rpt -pb design_666_wrapper_power_summary_routed.pb -rpx design_666_wrapper_power_routed.rpx
| Design           : design_666_wrapper
| Device           : xcku040-ffva1156-2-e
| Design State     : routed
| Grade            : extended
| Process          : typical
| Characterization : Production
----------------------------------------------------------------------------------------------------------------------------------------------------------------------------

Power Report

Table of Contents
-----------------
1. Summary
1.1 On-Chip Components
1.2 Power Supply Summary
1.3 Confidence Level
2. Settings
2.1 Environment
2.2 Clock Constraints
3. Detailed Reports
3.1 By Hierarchy

1. Summary
----------

+--------------------------+--------------+
| Total On-Chip Power (W)  | 1.926        |
| Design Power Budget (W)  | Unspecified* |
| Power Budget Margin (W)  | NA           |
| Dynamic (W)              | 1.207        |
| Device Static (W)        | 0.719        |
| Effective TJA (C/W)      | 1.5          |
| Max Ambient (C)          | 97.0         |
| Junction Temperature (C) | 53.0         |
| Confidence Level         | Medium       |
| Setting File             | ---          |
| Simulation Activity File | ---          |
| Design Nets Matched      | NA           |
+--------------------------+--------------+
* Specify Design Power Budget using, set_operating_conditions -design_power_budget <value in Watts>


1.1 On-Chip Components
----------------------

+--------------------------+-----------+----------+-----------+-----------------+
| On-Chip                  | Power (W) | Used     | Available | Utilization (%) |
+--------------------------+-----------+----------+-----------+-----------------+
| Clocks                   |     0.151 |        5 |       --- |             --- |
| CLB Logic                |     0.190 |   164779 |       --- |             --- |
|   LUT as Logic           |     0.161 |    62257 |    242400 |           25.68 |
|   LUT as Distributed RAM |     0.019 |     2216 |    112800 |            1.96 |
|   Register               |     0.005 |    81919 |    484800 |           16.90 |
|   CARRY8                 |     0.003 |      991 |     30300 |            3.27 |
|   LUT as Shift Register  |     0.002 |      125 |    112800 |            0.11 |
|   F7/F8 Muxes            |    <0.001 |     4620 |    242400 |            1.91 |
|   BUFG                   |    <0.001 |        2 |        80 |            2.50 |
|   Others                 |     0.000 |     4161 |       --- |             --- |
| Signals                  |     0.362 |   156256 |       --- |             --- |
| Block RAM                |     0.028 |     15.5 |       600 |            2.58 |
| MMCM                     |     0.114 |        1 |        10 |           10.00 |
| DSPs                     |     0.360 |      808 |      1920 |           42.08 |
| I/O                      |     0.004 |        2 |       520 |            0.38 |
| Static Power             |     0.719 |          |           |                 |
| Total                    |     1.926 |          |           |                 |
+--------------------------+-----------+----------+-----------+-----------------+


1.2 Power Supply Summary
------------------------

+------------+-------------+-----------+-------------+------------+-------------+-------------+------------+
| Source     | Voltage (V) | Total (A) | Dynamic (A) | Static (A) | Powerup (A) | Budget (A)  | Margin (A) |
+------------+-------------+-----------+-------------+------------+-------------+-------------+------------+
| Vccint     |       0.950 |     1.495 |       1.146 |      0.348 |       NA    | Unspecified | NA         |
| Vccaux     |       1.800 |     0.171 |       0.063 |      0.108 |       NA    | Unspecified | NA         |
| Vccaux_io  |       1.800 |     0.067 |       0.002 |      0.065 |       NA    | Unspecified | NA         |
| Vccint_io  |       0.950 |     0.036 |       0.001 |      0.036 |       NA    | Unspecified | NA         |
| Vcco33     |       3.300 |     0.000 |       0.000 |      0.000 |       NA    | Unspecified | NA         |
| Vcco25     |       2.500 |     0.000 |       0.000 |      0.000 |       NA    | Unspecified | NA         |
| Vcco18     |       1.800 |     0.000 |       0.000 |      0.000 |       NA    | Unspecified | NA         |
| Vcco15     |       1.500 |     0.000 |       0.000 |      0.000 |       NA    | Unspecified | NA         |
| Vcco135    |       1.350 |     0.000 |       0.000 |      0.000 |       NA    | Unspecified | NA         |
| Vcco12     |       1.200 |     0.000 |       0.000 |      0.000 |       NA    | Unspecified | NA         |
| Vcco10     |       1.000 |     0.000 |       0.000 |      0.000 |       NA    | Unspecified | NA         |
| Vccbram    |       0.950 |     0.020 |       0.001 |      0.019 |       NA    | Unspecified | NA         |
| MGTAVcc    |       1.000 |     0.000 |       0.000 |      0.000 |       NA    | Unspecified | NA         |
| MGTAVtt    |       1.200 |     0.000 |       0.000 |      0.000 |       NA    | Unspecified | NA         |
| MGTVccaux  |       1.800 |     0.000 |       0.000 |      0.000 |       NA    | Unspecified | NA         |
| Vccadc     |       1.800 |     0.014 |       0.000 |      0.014 |       NA    | Unspecified | NA         |
| MGTYVccaux |       1.800 |     0.000 |       0.000 |      0.000 |       NA    | Unspecified | NA         |
| MGTYAVcc   |       1.000 |     0.000 |       0.000 |      0.000 |       NA    | Unspecified | NA         |
| MGTYAVtt   |       1.200 |     0.000 |       0.000 |      0.000 |       NA    | Unspecified | NA         |
+------------+-------------+-----------+-------------+------------+-------------+-------------+------------+


1.3 Confidence Level
--------------------

+-----------------------------+------------+------------------------------------------------+------------------------------------------------------------------------------------------------------------+
| User Input Data             | Confidence | Details                                        | Action                                                                                                     |
+-----------------------------+------------+------------------------------------------------+------------------------------------------------------------------------------------------------------------+
| Design implementation state | High       | Design is routed                               |                                                                                                            |
| Clock nodes activity        | High       | User specified more than 95% of clocks         |                                                                                                            |
| I/O nodes activity          | High       | User specified more than 95% of inputs         |                                                                                                            |
| Internal nodes activity     | Medium     | User specified less than 25% of internal nodes | Provide missing internal nodes activity with simulation results or by editing the "By Resource Type" views |
| Device models               | High       | Device models are Production                   |                                                                                                            |
|                             |            |                                                |                                                                                                            |
| Overall confidence level    | Medium     |                                                |                                                                                                            |
+-----------------------------+------------+------------------------------------------------+------------------------------------------------------------------------------------------------------------+


2. Settings
-----------

2.1 Environment
---------------

+-----------------------+-------------------------+
| Ambient Temp (C)      | 50.0                    |
| ThetaJA (C/W)         | 1.5                     |
| Airflow (LFM)         | 250                     |
| Heat Sink             | medium (Medium Profile) |
| ThetaSA (C/W)         | 2.4                     |
| Board Selection       | medium (10"x10")        |
| # of Board Layers     | 8to11 (8 to 11 Layers)  |
| Board Temperature (C) | 50.0                    |
+-----------------------+-------------------------+


2.2 Clock Constraints
---------------------

+--------------------------------------------------------------------------------------------+-------------------------------------------------------------------+-----------------+
| Clock                                                                                      | Domain                                                            | Constraint (ns) |
+--------------------------------------------------------------------------------------------+-------------------------------------------------------------------+-----------------+
| clk_in1_p_0                                                                                | clk_in1_p_0                                                       |             5.0 |
| clk_out1_design_666_clk_wiz_0_0                                                            | design_666_i/clk_wiz_0/inst/clk_out1_design_666_clk_wiz_0_0       |            10.0 |
| dbg_hub/inst/BSCANID.u_xsdbm_id/SWITCH_N_EXT_BSCAN.bscan_inst/SERIES7_BSCAN.bscan_inst/TCK | dbg_hub/inst/BSCANID.u_xsdbm_id/SWITCH_N_EXT_BSCAN.bscan_inst/TCK |            33.0 |
+--------------------------------------------------------------------------------------------+-------------------------------------------------------------------+-----------------+


3. Detailed Reports
-------------------

3.1 By Hierarchy
----------------

+--------------------------+-----------+
| Name                     | Power (W) |
+--------------------------+-----------+
| design_666_wrapper       |     1.207 |
|   dbg_hub                |     0.003 |
|     inst                 |     0.003 |
|       BSCANID.u_xsdbm_id |     0.003 |
|   design_666_i           |     1.205 |
|     axi_timer_0          |     0.003 |
|       U0                 |     0.003 |
|     clk_wiz_0            |     0.119 |
|       inst               |     0.119 |
|     jtag_axi_0           |     0.007 |
|       inst               |     0.007 |
|     lob_inference_0      |     1.072 |
|       inst               |     1.072 |
|     smartconnect_0       |     0.004 |
|       inst               |     0.004 |
+--------------------------+-----------+


